Archive member included to satisfy reference by file (symbol)

/usr/lib/gcc/arm-none-eabi/9.2.1/thumb/v6-m/nofp/libgcc.a(_dvmd_tls.o)
                              CMakeFiles/marvin_motors.dir/home/om/pico/pico-sdk/src/rp2_common/pico_divider/divider.S.obj (__aeabi_idiv0)
/usr/lib/gcc/arm-none-eabi/9.2.1/../../../arm-none-eabi/lib/thumb/v6-m/nofp/libc.a(lib_a-atexit.o)
                              /usr/lib/gcc/arm-none-eabi/9.2.1/../../../arm-none-eabi/lib/thumb/v6-m/nofp/crt0.o (atexit)
/usr/lib/gcc/arm-none-eabi/9.2.1/../../../arm-none-eabi/lib/thumb/v6-m/nofp/libc.a(lib_a-calloc.o)
                              CMakeFiles/marvin_motors.dir/home/om/pico/pico-sdk/src/rp2_common/pico_malloc/pico_malloc.c.obj (calloc)
/usr/lib/gcc/arm-none-eabi/9.2.1/../../../arm-none-eabi/lib/thumb/v6-m/nofp/libc.a(lib_a-callocr.o)
                              /usr/lib/gcc/arm-none-eabi/9.2.1/../../../arm-none-eabi/lib/thumb/v6-m/nofp/libc.a(lib_a-calloc.o) (_calloc_r)
/usr/lib/gcc/arm-none-eabi/9.2.1/../../../arm-none-eabi/lib/thumb/v6-m/nofp/libc.a(lib_a-fini.o)
                              /usr/lib/gcc/arm-none-eabi/9.2.1/../../../arm-none-eabi/lib/thumb/v6-m/nofp/crt0.o (__libc_fini_array)
/usr/lib/gcc/arm-none-eabi/9.2.1/../../../arm-none-eabi/lib/thumb/v6-m/nofp/libc.a(lib_a-impure.o)
                              /usr/lib/gcc/arm-none-eabi/9.2.1/../../../arm-none-eabi/lib/thumb/v6-m/nofp/libc.a(lib_a-calloc.o) (_impure_ptr)
/usr/lib/gcc/arm-none-eabi/9.2.1/../../../arm-none-eabi/lib/thumb/v6-m/nofp/libc.a(lib_a-init.o)
                              /usr/lib/gcc/arm-none-eabi/9.2.1/../../../arm-none-eabi/lib/thumb/v6-m/nofp/crt0.o (__libc_init_array)
/usr/lib/gcc/arm-none-eabi/9.2.1/../../../arm-none-eabi/lib/thumb/v6-m/nofp/libc.a(lib_a-malloc.o)
                              CMakeFiles/marvin_motors.dir/home/om/pico/pico-sdk/src/rp2_common/pico_malloc/pico_malloc.c.obj (malloc)
/usr/lib/gcc/arm-none-eabi/9.2.1/../../../arm-none-eabi/lib/thumb/v6-m/nofp/libc.a(lib_a-mallocr.o)
                              /usr/lib/gcc/arm-none-eabi/9.2.1/../../../arm-none-eabi/lib/thumb/v6-m/nofp/libc.a(lib_a-callocr.o) (_malloc_r)
/usr/lib/gcc/arm-none-eabi/9.2.1/../../../arm-none-eabi/lib/thumb/v6-m/nofp/libc.a(lib_a-mlock.o)
                              /usr/lib/gcc/arm-none-eabi/9.2.1/../../../arm-none-eabi/lib/thumb/v6-m/nofp/libc.a(lib_a-mallocr.o) (__malloc_lock)
/usr/lib/gcc/arm-none-eabi/9.2.1/../../../arm-none-eabi/lib/thumb/v6-m/nofp/libc.a(lib_a-sbrkr.o)
                              /usr/lib/gcc/arm-none-eabi/9.2.1/../../../arm-none-eabi/lib/thumb/v6-m/nofp/libc.a(lib_a-mallocr.o) (_sbrk_r)
/usr/lib/gcc/arm-none-eabi/9.2.1/../../../arm-none-eabi/lib/thumb/v6-m/nofp/libc.a(lib_a-strlen-stub.o)
                              CMakeFiles/marvin_motors.dir/home/om/pico/pico-sdk/src/rp2_common/pico_stdio/stdio.c.obj (strlen)
/usr/lib/gcc/arm-none-eabi/9.2.1/../../../arm-none-eabi/lib/thumb/v6-m/nofp/libc.a(lib_a-__atexit.o)
                              /usr/lib/gcc/arm-none-eabi/9.2.1/../../../arm-none-eabi/lib/thumb/v6-m/nofp/libc.a(lib_a-atexit.o) (__register_exitproc)
/usr/lib/gcc/arm-none-eabi/9.2.1/../../../arm-none-eabi/lib/thumb/v6-m/nofp/libc.a(lib_a-freer.o)
                              /usr/lib/gcc/arm-none-eabi/9.2.1/../../../arm-none-eabi/lib/thumb/v6-m/nofp/libc.a(lib_a-malloc.o) (_free_r)
/usr/lib/gcc/arm-none-eabi/9.2.1/../../../arm-none-eabi/lib/thumb/v6-m/nofp/libc.a(lib_a-reent.o)
                              /usr/lib/gcc/arm-none-eabi/9.2.1/../../../arm-none-eabi/lib/thumb/v6-m/nofp/libc.a(lib_a-sbrkr.o) (errno)

Allocating common symbols
Common symbol       size              file

sf_table            0x100             CMakeFiles/marvin_motors.dir/home/om/pico/pico-sdk/src/rp2_common/pico_float/float_init_rom.c.obj
errno               0x4               /usr/lib/gcc/arm-none-eabi/9.2.1/../../../arm-none-eabi/lib/thumb/v6-m/nofp/libc.a(lib_a-reent.o)
_usbd_qdef_buf      0xc0              CMakeFiles/marvin_motors.dir/home/om/pico/pico-sdk/lib/tinyusb/src/device/usbd.c.obj
sf_clz_func         0x4               CMakeFiles/marvin_motors.dir/home/om/pico/pico-sdk/src/rp2_common/pico_float/float_init_rom.c.obj
sd_table            0x100             CMakeFiles/marvin_motors.dir/home/om/pico/pico-sdk/src/rp2_common/pico_double/double_init_rom.c.obj
uart_char_to_line_feed
                    0x4               CMakeFiles/marvin_motors.dir/home/om/pico/pico-sdk/src/rp2_common/hardware_uart/uart.c.obj

Discarded input sections

 .text          0x0000000000000000        0x0 /usr/lib/gcc/arm-none-eabi/9.2.1/thumb/v6-m/nofp/crti.o
 .data          0x0000000000000000        0x0 /usr/lib/gcc/arm-none-eabi/9.2.1/thumb/v6-m/nofp/crti.o
 .bss           0x0000000000000000        0x0 /usr/lib/gcc/arm-none-eabi/9.2.1/thumb/v6-m/nofp/crti.o
 .data          0x0000000000000000        0x4 /usr/lib/gcc/arm-none-eabi/9.2.1/thumb/v6-m/nofp/crtbegin.o
[...]
Memory Configuration

Name             Origin             Length             Attributes
FLASH            0x0000000010000000 0x0000000000200000 xr
RAM              0x0000000020000000 0x0000000000040000 xrw
SCRATCH_X        0x0000000020040000 0x0000000000001000 xrw
SCRATCH_Y        0x0000000020041000 0x0000000000001000 xrw
*default*        0x0000000000000000 0xffffffffffffffff

Linker script and memory map

LOAD /usr/lib/gcc/arm-none-eabi/9.2.1/thumb/v6-m/nofp/crti.o
LOAD /usr/lib/gcc/arm-none-eabi/9.2.1/thumb/v6-m/nofp/crtbegin.o
LOAD /usr/lib/gcc/arm-none-eabi/9.2.1/../../../arm-none-eabi/lib/thumb/v6-m/nofp/crt0.o

.flash_begin    0x0000000010000000        0x0
                0x0000000010000000                __flash_binary_start = .

.boot2          0x0000000010000000      0x100
                0x0000000010000000                __boot2_start__ = .
 *(.boot2)
 .boot2         0x0000000010000000      0x100 /tmp/cchPj8h6.o
                0x0000000010000100                __boot2_end__ = .
                0x0000000000000001                ASSERT (((__boot2_end__ - __boot2_start__) == 0x100), ERROR: Pico second stage bootloader must be 256 bytes in size)

.text           0x0000000010000100     0x2fc8
                0x0000000010000100                __reset_start = .
 *(.reset)
 .reset         0x0000000010000100       0xc4 CMakeFiles/marvin_motors.dir/home/om/pico/pico-sdk/src/rp2_common/pico_standard_link/crt0.S.obj
                0x0000000010000104                _entry_point
                0x0000000010000196                __get_current_exception
 .reset         0x00000000100001c4       0x30 CMakeFiles/marvin_motors.dir/home/om/pico/pico-sdk/src/rp2_common/pico_standard_link/binary_info.c.obj
                0x0000000010000200                . = ALIGN (0x100)
 *fill*         0x00000000100001f4        0xc 
                0x0000000010000200                __reset_end = .
                0x0000000000000001                ASSERT (((__reset_end - __reset_start) == 0x100), ERROR: reset section should only be 256 bytes)
 *(.vectors)
 .vectors       0x0000000010000200       0xd4 CMakeFiles/marvin_motors.dir/home/om/pico/pico-sdk/src/rp2_common/pico_standard_link/crt0.S.obj
                0x0000000010000200                __vectors
                0x00000000100002c0                isr_invalid
                0x00000000100002c2                isr_nmi
                0x00000000100002c4                isr_hardfault
                0x00000000100002c6                isr_svcall
                0x00000000100002c8                isr_pendsv
                0x00000000100002ca                isr_systick
                0x00000000100002cc                isr_irq30
                0x00000000100002cc                __unhandled_user_irq
                0x00000000100002cc                isr_irq13
                0x00000000100002cc                isr_irq27
                0x00000000100002cc                isr_irq31
                0x00000000100002cc                isr_irq5
                0x00000000100002cc                isr_irq11
                0x00000000100002cc                isr_irq23
                0x00000000100002cc                isr_irq18
                0x00000000100002cc                isr_irq28
                0x00000000100002cc                isr_irq19
                0x00000000100002cc                isr_irq0
                0x00000000100002cc                isr_irq6
                0x00000000100002cc                isr_irq22
                0x00000000100002cc                isr_irq17
                0x00000000100002cc                isr_irq14
                0x00000000100002cc                isr_irq2
                0x00000000100002cc                isr_irq10
                0x00000000100002cc                isr_irq8
                0x00000000100002cc                isr_irq24
                0x00000000100002cc                isr_irq1
                0x00000000100002cc                isr_irq7
                0x00000000100002cc                isr_irq21
                0x00000000100002cc                isr_irq20
                0x00000000100002cc                isr_irq15
                0x00000000100002cc                isr_irq25
                0x00000000100002cc                isr_irq4
                0x00000000100002cc                isr_irq16
                0x00000000100002cc                isr_irq29
                0x00000000100002cc                isr_irq26
                0x00000000100002cc                isr_irq3
                0x00000000100002cc                isr_irq12
                0x00000000100002cc                isr_irq9
                0x00000000100002d2                unhandled_user_irq_num_in_r0
 *(.init)
 .init          0x00000000100002d4        0x4 /usr/lib/gcc/arm-none-eabi/9.2.1/thumb/v6-m/nofp/crti.o
                0x00000000100002d4                _init
 *(EXCLUDE_FILE(*libm.a: *libc.a:*lib_a-mem*.o *libgcc.a:) .text*)
 .text          0x00000000100002d8       0x98 /usr/lib/gcc/arm-none-eabi/9.2.1/thumb/v6-m/nofp/crtbegin.o
 .text._Z15encoder_handlerjm
                0x0000000010000370       0x24 CMakeFiles/marvin_motors.dir/marvin_motors.cpp.obj
                0x0000000010000370                encoder_handler(unsigned int, unsigned long)
 .text._Z5setupv
                0x0000000010000394      0x120 CMakeFiles/marvin_motors.dir/marvin_motors.cpp.obj
                0x0000000010000394                setup()
 .text._Z4loopv
                0x00000000100004b4       0x98 CMakeFiles/marvin_motors.dir/marvin_motors.cpp.obj
                0x00000000100004b4                loop()
 .text.startup.main
                0x000000001000054c        0xc CMakeFiles/marvin_motors.dir/marvin_motors.cpp.obj
                0x000000001000054c                main
 .text.startup._GLOBAL__sub_I_wheel
                0x0000000010000558      0x170 CMakeFiles/marvin_motors.dir/marvin_motors.cpp.obj
 .text._ZN10WheelClass4moveEff
                0x00000000100006c8       0x28 CMakeFiles/marvin_motors.dir/wheel.cpp.obj
                0x00000000100006c8                WheelClass::move(float, float)
 .text._ZN10WheelClass5resetEv
                0x00000000100006f0       0x30 CMakeFiles/marvin_motors.dir/wheel.cpp.obj
                0x00000000100006f0                WheelClass::reset()
 .text._ZN10WheelClass8set_pinsEiiiiPv
                0x0000000010000720       0x98 CMakeFiles/marvin_motors.dir/wheel.cpp.obj
                0x0000000010000720                WheelClass::set_pins(int, int, int, int, void*)
 .text._ZN10WheelClass12encoder_tickEj
                0x00000000100007b8       0x3c CMakeFiles/marvin_motors.dir/wheel.cpp.obj
                0x00000000100007b8                WheelClass::encoder_tick(unsigned int)
 .text._ZN10WheelClass15update_distanceEf
                0x00000000100007f4       0x10 CMakeFiles/marvin_motors.dir/wheel.cpp.obj
                0x00000000100007f4                WheelClass::update_distance(float)
 .text._ZN10WheelClass10servo_tickEv
                0x0000000010000804       0xf4 CMakeFiles/marvin_motors.dir/wheel.cpp.obj
                0x0000000010000804                WheelClass::servo_tick()
 .text.gpio_irq_handler
                0x00000000100008f8       0x7c CMakeFiles/marvin_motors.dir/home/om/pico/pico-sdk/src/rp2_common/hardware_gpio/gpio.c.obj
 .text.gpio_set_function
                0x0000000010000974       0x30 CMakeFiles/marvin_motors.dir/home/om/pico/pico-sdk/src/rp2_common/hardware_gpio/gpio.c.obj
                0x0000000010000974                gpio_set_function
 .text.gpio_set_irq_enabled_with_callback
                0x00000000100009a4       0x78 CMakeFiles/marvin_motors.dir/home/om/pico/pico-sdk/src/rp2_common/hardware_gpio/gpio.c.obj
                0x00000000100009a4                gpio_set_irq_enabled_with_callback
 .text.gpio_init
                0x0000000010000a1c       0x3c CMakeFiles/marvin_motors.dir/home/om/pico/pico-sdk/src/rp2_common/hardware_gpio/gpio.c.obj
                0x0000000010000a1c                gpio_init
 .text.hw_claim_or_assert
                0x0000000010000a58       0x60 CMakeFiles/marvin_motors.dir/home/om/pico/pico-sdk/src/rp2_common/hardware_claim/claim.c.obj
                0x0000000010000a58                hw_claim_or_assert
 .text.spin_locks_reset
                0x0000000010000ab8       0x1c CMakeFiles/marvin_motors.dir/home/om/pico/pico-sdk/src/rp2_common/hardware_sync/sync.c.obj
                0x0000000010000ab8                spin_locks_reset
 .text.next_striped_spin_lock_num
                0x0000000010000ad4       0x18 CMakeFiles/marvin_motors.dir/home/om/pico/pico-sdk/src/rp2_common/hardware_sync/sync.c.obj
                0x0000000010000ad4                next_striped_spin_lock_num
 .text.running_on_fpga
                0x0000000010000aec       0x10 CMakeFiles/marvin_motors.dir/home/om/pico/pico-sdk/src/rp2_common/pico_platform/platform.c.obj
                0x0000000010000aec                running_on_fpga
 .text.timer_pool_entry_comparator
                0x0000000010000afc       0x34 CMakeFiles/marvin_motors.dir/home/om/pico/pico-sdk/src/common/pico_time/time.c.obj
                0x0000000010000afc                timer_pool_entry_comparator
 .text.add_alarm_under_lock
                0x0000000010000b30      0x12c CMakeFiles/marvin_motors.dir/home/om/pico/pico-sdk/src/common/pico_time/time.c.obj
 .text.alarm_pool_alarm_callback
                0x0000000010000c5c      0x1e0 CMakeFiles/marvin_motors.dir/home/om/pico/pico-sdk/src/common/pico_time/time.c.obj
 .text.alarm_pool_init_default
                0x0000000010000e3c       0x78 CMakeFiles/marvin_motors.dir/home/om/pico/pico-sdk/src/common/pico_time/time.c.obj
                0x0000000010000e3c                alarm_pool_init_default
 .text.hardware_alarm_irq_handler
                0x0000000010000eb4       0xb8 CMakeFiles/marvin_motors.dir/home/om/pico/pico-sdk/src/rp2_common/hardware_timer/timer.c.obj
 .text.hardware_alarm_claim
                0x0000000010000f6c       0x18 CMakeFiles/marvin_motors.dir/home/om/pico/pico-sdk/src/rp2_common/hardware_timer/timer.c.obj
                0x0000000010000f6c                hardware_alarm_claim
 .text.time_us_64
                0x0000000010000f84       0x14 CMakeFiles/marvin_motors.dir/home/om/pico/pico-sdk/src/rp2_common/hardware_timer/timer.c.obj
                0x0000000010000f84                time_us_64
 .text.hardware_alarm_set_callback
                0x0000000010000f98       0x8c CMakeFiles/marvin_motors.dir/home/om/pico/pico-sdk/src/rp2_common/hardware_timer/timer.c.obj
                0x0000000010000f98                hardware_alarm_set_callback
 .text.hardware_alarm_set_target
                0x0000000010001024       0xc4 CMakeFiles/marvin_motors.dir/home/om/pico/pico-sdk/src/rp2_common/hardware_timer/timer.c.obj
                0x0000000010001024                hardware_alarm_set_target
 .text.hardware_alarm_cancel
                0x00000000100010e8       0x40 CMakeFiles/marvin_motors.dir/home/om/pico/pico-sdk/src/rp2_common/hardware_timer/timer.c.obj
                0x00000000100010e8                hardware_alarm_cancel
 .text.lock_init
                0x0000000010001128       0x10 CMakeFiles/marvin_motors.dir/home/om/pico/pico-sdk/src/common/pico_sync/lock_core.c.obj
                0x0000000010001128                lock_init
 .text.mutex_init
                0x0000000010001138       0x18 CMakeFiles/marvin_motors.dir/home/om/pico/pico-sdk/src/common/pico_sync/mutex.c.obj
                0x0000000010001138                mutex_init
 .text.ph_merge_nodes
                0x0000000010001150       0x68 CMakeFiles/marvin_motors.dir/home/om/pico/pico-sdk/src/common/pico_util/pheap.c.obj
 .text.ph_create
                0x00000000100011b8       0x64 CMakeFiles/marvin_motors.dir/home/om/pico/pico-sdk/src/common/pico_util/pheap.c.obj
                0x00000000100011b8                ph_create
 .text.ph_merge_two_pass
                0x000000001000121c       0x90 CMakeFiles/marvin_motors.dir/home/om/pico/pico-sdk/src/common/pico_util/pheap.c.obj
                0x000000001000121c                ph_merge_two_pass
 .text.ph_remove_any_head
                0x00000000100012ac       0xf8 CMakeFiles/marvin_motors.dir/home/om/pico/pico-sdk/src/common/pico_util/pheap.c.obj
 .text.ph_remove_head_reserve
                0x00000000100013a4      0x13c CMakeFiles/marvin_motors.dir/home/om/pico/pico-sdk/src/common/pico_util/pheap.c.obj
                0x00000000100013a4                ph_remove_head_reserve
 .text.ph_delete
                0x00000000100014e0       0x7c CMakeFiles/marvin_motors.dir/home/om/pico/pico-sdk/src/common/pico_util/pheap.c.obj
                0x00000000100014e0                ph_delete
 .text.runtime_init
                0x000000001000155c       0xec CMakeFiles/marvin_motors.dir/home/om/pico/pico-sdk/src/rp2_common/pico_runtime/runtime.c.obj
                0x000000001000155c                runtime_init
 .text._sbrk    0x0000000010001648       0x34 CMakeFiles/marvin_motors.dir/home/om/pico/pico-sdk/src/rp2_common/pico_runtime/runtime.c.obj
                0x0000000010001648                _sbrk
 .text.exit     0x000000001000167c        0x4 CMakeFiles/marvin_motors.dir/home/om/pico/pico-sdk/src/rp2_common/pico_runtime/runtime.c.obj
                0x000000001000167c                exit
 .text.panic    0x0000000010001680       0x30 CMakeFiles/marvin_motors.dir/home/om/pico/pico-sdk/src/rp2_common/pico_runtime/runtime.c.obj
                0x0000000010001680                panic
 .text.hard_assertion_failure
                0x00000000100016b0        0xc CMakeFiles/marvin_motors.dir/home/om/pico/pico-sdk/src/rp2_common/pico_runtime/runtime.c.obj
                0x00000000100016b0                hard_assertion_failure
 .text.clocks_init
                0x00000000100016bc      0x2e0 CMakeFiles/marvin_motors.dir/home/om/pico/pico-sdk/src/rp2_common/hardware_clocks/clocks.c.obj
                0x00000000100016bc                clocks_init
 .text.watchdog_start_tick
                0x000000001000199c       0x10 CMakeFiles/marvin_motors.dir/home/om/pico/pico-sdk/src/rp2_common/hardware_watchdog/watchdog.c.obj
                0x000000001000199c                watchdog_start_tick
 .text.xosc_init
                0x00000000100019ac       0x28 CMakeFiles/marvin_motors.dir/home/om/pico/pico-sdk/src/rp2_common/hardware_xosc/xosc.c.obj
                0x00000000100019ac                xosc_init
 .text.pll_init
                0x00000000100019d4       0x54 CMakeFiles/marvin_motors.dir/home/om/pico/pico-sdk/src/rp2_common/hardware_pll/pll.c.obj
                0x00000000100019d4                pll_init
 .text.irq_set_enabled
                0x0000000010001a28       0x24 CMakeFiles/marvin_motors.dir/home/om/pico/pico-sdk/src/rp2_common/hardware_irq/irq.c.obj
                0x0000000010001a28                irq_set_enabled
 .text.irq_get_vtable_handler
                0x0000000010001a4c       0x10 CMakeFiles/marvin_motors.dir/home/om/pico/pico-sdk/src/rp2_common/hardware_irq/irq.c.obj
                0x0000000010001a4c                irq_get_vtable_handler
 .text.irq_set_exclusive_handler
                0x0000000010001a5c       0x54 CMakeFiles/marvin_motors.dir/home/om/pico/pico-sdk/src/rp2_common/hardware_irq/irq.c.obj
                0x0000000010001a5c                irq_set_exclusive_handler
 .text.irq_remove_handler
                0x0000000010001ab0      0x1c4 CMakeFiles/marvin_motors.dir/home/om/pico/pico-sdk/src/rp2_common/hardware_irq/irq.c.obj
                0x0000000010001ab0                irq_remove_handler
 .text.irq_add_tail_to_free_list
                0x0000000010001c74       0xbc CMakeFiles/marvin_motors.dir/home/om/pico/pico-sdk/src/rp2_common/hardware_irq/irq.c.obj
                0x0000000010001c74                irq_add_tail_to_free_list
 .text.irq_init_priorities
                0x0000000010001d30       0x38 CMakeFiles/marvin_motors.dir/home/om/pico/pico-sdk/src/rp2_common/hardware_irq/irq.c.obj
                0x0000000010001d30                irq_init_priorities
 .text._out_char
                0x0000000010001d68       0x10 CMakeFiles/marvin_motors.dir/home/om/pico/pico-sdk/src/rp2_common/pico_printf/printf.c.obj
 .text.weak_raw_vprintf
                0x0000000010001d78       0x30 CMakeFiles/marvin_motors.dir/home/om/pico/pico-sdk/src/rp2_common/pico_printf/printf.c.obj
                0x0000000010001d78                weak_raw_vprintf
 .text          0x0000000010001da8       0x10 CMakeFiles/marvin_motors.dir/home/om/pico/pico-sdk/src/rp2_common/pico_bit_ops/bit_ops_aeabi.S.obj
 .text.rom_func_lookup
                0x0000000010001db8       0x10 CMakeFiles/marvin_motors.dir/home/om/pico/pico-sdk/src/rp2_common/pico_bootrom/bootrom.c.obj
                0x0000000010001db8                rom_func_lookup
 .text.rom_data_lookup
                0x0000000010001dc8       0x10 CMakeFiles/marvin_motors.dir/home/om/pico/pico-sdk/src/rp2_common/pico_bootrom/bootrom.c.obj
                0x0000000010001dc8                rom_data_lookup
 .text.rom_funcs_lookup
                0x0000000010001dd8       0x3c CMakeFiles/marvin_motors.dir/home/om/pico/pico-sdk/src/rp2_common/pico_bootrom/bootrom.c.obj
                0x0000000010001dd8                rom_funcs_lookup
 .text.__wrap___aeabi_uidiv
                0x0000000010001e14       0x54 CMakeFiles/marvin_motors.dir/home/om/pico/pico-sdk/src/rp2_common/pico_divider/divider.S.obj
                0x0000000010001e14                __wrap___aeabi_uidiv
                0x0000000010001e14                __wrap___aeabi_uidivmod
                0x0000000010001e14                div_u32u32
                0x0000000010001e14                divmod_u32u32
                0x0000000010001e1c                divmod_u32u32_unsafe
                0x0000000010001e44                divmod_u32u32_savestate
 .text.__wrap___aeabi_ldiv
                0x0000000010001e68      0x430 CMakeFiles/marvin_motors.dir/home/om/pico/pico-sdk/src/rp2_common/pico_divider/divider.S.obj
                0x0000000010001e68                div_s64s64
                0x0000000010001e68                divmod_s64s64
                0x0000000010001e68                __wrap___aeabi_ldivmod
                0x0000000010001ea0                div_u64u64
                0x0000000010001ea0                divmod_u64u64
                0x0000000010001ea0                __wrap___aeabi_uldivmod
                0x0000000010001eb0                divmod_u64u64_savestate
                0x0000000010001ed8                divmod_s64s64_unsafe
                0x0000000010001f60                divmod_u64u64_unsafe
 .text.__aeabi_double_init
                0x0000000010002298       0xac CMakeFiles/marvin_motors.dir/home/om/pico/pico-sdk/src/rp2_common/pico_double/double_init_rom.c.obj
                0x0000000010002298                __aeabi_double_init
 .text.double_table_shim_on_use_helper
                0x0000000010002344       0x2c CMakeFiles/marvin_motors.dir/home/om/pico/pico-sdk/src/rp2_common/pico_double/double_v1_rom_shim.S.obj
                0x0000000010002344                double_table_shim_on_use_helper
 .text.__wrap___aeabi_farithmetic
                0x0000000010002370       0x24 CMakeFiles/marvin_motors.dir/home/om/pico/pico-sdk/src/rp2_common/pico_float/float_aeabi.S.obj
                0x0000000010002370                __wrap___aeabi_frsub
                0x0000000010002376                __wrap___aeabi_fsub
                0x000000001000237c                __wrap___aeabi_fadd
                0x0000000010002382                __wrap___aeabi_fdiv
                0x0000000010002388                __wrap___aeabi_fmul
 .text.__wrap___aeabi_cfcmple
                0x0000000010002394       0x50 CMakeFiles/marvin_motors.dir/home/om/pico/pico-sdk/src/rp2_common/pico_float/float_aeabi.S.obj
                0x0000000010002394                __wrap___aeabi_cfrcmple
                0x00000000100023a0                __wrap___aeabi_cfcmpeq
                0x00000000100023a0                __wrap___aeabi_cfcmple
 .text.__wrap___aeabi_fcmplt
                0x00000000100023e4        0xc CMakeFiles/marvin_motors.dir/home/om/pico/pico-sdk/src/rp2_common/pico_float/float_aeabi.S.obj
                0x00000000100023e4                __wrap___aeabi_fcmplt
 .text.__wrap___aeabi_fcmple
                0x00000000100023f0       0x10 CMakeFiles/marvin_motors.dir/home/om/pico/pico-sdk/src/rp2_common/pico_float/float_aeabi.S.obj
                0x00000000100023f0                __wrap___aeabi_fcmple
 .text.__wrap___aeabi_fcmpge
                0x0000000010002400       0x10 CMakeFiles/marvin_motors.dir/home/om/pico/pico-sdk/src/rp2_common/pico_float/float_aeabi.S.obj
                0x0000000010002400                __wrap___aeabi_fcmpge
 .text.__wrap___aeabi_f2iz
                0x0000000010002410       0x4e CMakeFiles/marvin_motors.dir/home/om/pico/pico-sdk/src/rp2_common/pico_float/float_aeabi.S.obj
                0x0000000010002410                __wrap___aeabi_f2iz
                0x0000000010002410                float2int_z
 *fill*         0x000000001000245e        0x2 
 .text.float2int
                0x0000000010002460       0x14 CMakeFiles/marvin_motors.dir/home/om/pico/pico-sdk/src/rp2_common/pico_float/float_aeabi.S.obj
                0x0000000010002460                float2int
 .text.__wrap___aeabi_f2uiz
                0x0000000010002474        0xc CMakeFiles/marvin_motors.dir/home/om/pico/pico-sdk/src/rp2_common/pico_float/float_aeabi.S.obj
                0x0000000010002474                __wrap___aeabi_f2uiz
 .text.__aeabi_float_init
                0x0000000010002480       0x64 CMakeFiles/marvin_motors.dir/home/om/pico/pico-sdk/src/rp2_common/pico_float/float_init_rom.c.obj
                0x0000000010002480                __aeabi_float_init
 .text.float_table_shim_on_use_helper
                0x00000000100024e4       0x2c CMakeFiles/marvin_motors.dir/home/om/pico/pico-sdk/src/rp2_common/pico_float/float_v1_rom_shim.S.obj
                0x00000000100024e4                float_table_shim_on_use_helper
 .text.float232_shims
                0x0000000010002510       0x18 CMakeFiles/marvin_motors.dir/home/om/pico/pico-sdk/src/rp2_common/pico_float/float_v1_rom_shim.S.obj
                0x0000000010002510                float2int_shim
                0x0000000010002512                float2fix_shim
 .text.__wrap_malloc
                0x0000000010002528        0x8 CMakeFiles/marvin_motors.dir/home/om/pico/pico-sdk/src/rp2_common/pico_malloc/pico_malloc.c.obj
                0x0000000010002528                __wrap_malloc
 .text.__wrap_calloc
                0x0000000010002530        0x8 CMakeFiles/marvin_motors.dir/home/om/pico/pico-sdk/src/rp2_common/pico_malloc/pico_malloc.c.obj
                0x0000000010002530                __wrap_calloc
 .text          0x0000000010002538       0x10 CMakeFiles/marvin_motors.dir/home/om/pico/pico-sdk/src/rp2_common/pico_mem_ops/mem_ops_aeabi.S.obj
                0x0000000010002538                __aeabi_mem_init
 .text.memset   0x0000000010002548        0xc CMakeFiles/marvin_motors.dir/home/om/pico/pico-sdk/src/rp2_common/pico_mem_ops/mem_ops_aeabi.S.obj
                0x0000000010002548                __wrap_memset
 .text.memcpy   0x0000000010002554        0xc CMakeFiles/marvin_motors.dir/home/om/pico/pico-sdk/src/rp2_common/pico_mem_ops/mem_ops_aeabi.S.obj
                0x0000000010002554                __wrap___aeabi_memcpy
                0x0000000010002554                __wrap_memcpy
 .text.stdio_out_chars_crlf.part.0
                0x0000000010002560       0x84 CMakeFiles/marvin_motors.dir/home/om/pico/pico-sdk/src/rp2_common/pico_stdio/stdio.c.obj
 .text.stdio_put_string
                0x00000000100025e4      0x100 CMakeFiles/marvin_motors.dir/home/om/pico/pico-sdk/src/rp2_common/pico_stdio/stdio.c.obj
 .text.__wrap_putchar
                0x00000000100026e4       0x1c CMakeFiles/marvin_motors.dir/home/om/pico/pico-sdk/src/rp2_common/pico_stdio/stdio.c.obj
                0x00000000100026e4                __wrap_putchar
 .text.__wrap_puts
                0x0000000010002700       0x3c CMakeFiles/marvin_motors.dir/home/om/pico/pico-sdk/src/rp2_common/pico_stdio/stdio.c.obj
                0x0000000010002700                __wrap_puts
 .text          0x000000001000273c       0x18 /usr/lib/gcc/arm-none-eabi/9.2.1/../../../arm-none-eabi/lib/thumb/v6-m/nofp/libc.a(lib_a-calloc.o)
                0x000000001000273c                calloc
 .text          0x0000000010002754       0x5c /usr/lib/gcc/arm-none-eabi/9.2.1/../../../arm-none-eabi/lib/thumb/v6-m/nofp/libc.a(lib_a-callocr.o)
                0x0000000010002754                _calloc_r
 .text          0x00000000100027b0       0x28 /usr/lib/gcc/arm-none-eabi/9.2.1/../../../arm-none-eabi/lib/thumb/v6-m/nofp/libc.a(lib_a-malloc.o)
                0x00000000100027b0                malloc
                0x00000000100027c4                free
 .text          0x00000000100027d8      0x58c /usr/lib/gcc/arm-none-eabi/9.2.1/../../../arm-none-eabi/lib/thumb/v6-m/nofp/libc.a(lib_a-mallocr.o)
                0x00000000100027d8                _malloc_r
 .text          0x0000000010002d64        0x8 /usr/lib/gcc/arm-none-eabi/9.2.1/../../../arm-none-eabi/lib/thumb/v6-m/nofp/libc.a(lib_a-mlock.o)
                0x0000000010002d64                __malloc_lock
                0x0000000010002d68                __malloc_unlock
 .text          0x0000000010002d6c       0x24 /usr/lib/gcc/arm-none-eabi/9.2.1/../../../arm-none-eabi/lib/thumb/v6-m/nofp/libc.a(lib_a-sbrkr.o)
                0x0000000010002d6c                _sbrk_r
 .text          0x0000000010002d90       0x68 /usr/lib/gcc/arm-none-eabi/9.2.1/../../../arm-none-eabi/lib/thumb/v6-m/nofp/libc.a(lib_a-strlen-stub.o)
                0x0000000010002d90                strlen
 .text          0x0000000010002df8      0x27c /usr/lib/gcc/arm-none-eabi/9.2.1/../../../arm-none-eabi/lib/thumb/v6-m/nofp/libc.a(lib_a-freer.o)
                0x0000000010002df8                _malloc_trim_r
                0x0000000010002e98                _free_r
 *(.fini)
 .fini          0x0000000010003074        0x4 /usr/lib/gcc/arm-none-eabi/9.2.1/thumb/v6-m/nofp/crti.o
                0x0000000010003074                _fini
 .fini.__stub   0x0000000010003078       0x50 linker stubs
 *crtbegin.o(.ctors)
 *crtbegin?.o(.ctors)
 *(EXCLUDE_FILE(*crtend.o *crtend?.o) .ctors)
 *(SORT_BY_NAME(.ctors.*))
 *(.ctors)
 *crtbegin.o(.dtors)
 *crtbegin?.o(.dtors)
 *(EXCLUDE_FILE(*crtend.o *crtend?.o) .dtors)
 *(SORT_BY_NAME(.dtors.*))
 *(.dtors)
 *(.eh_frame*)
 .eh_frame      0x00000000100030c8        0x0 /usr/lib/gcc/arm-none-eabi/9.2.1/thumb/v6-m/nofp/crtbegin.o
                0x00000000100030c8                . = ALIGN (0x4)

.glue_7         0x00000000100030c8        0x0
 .glue_7        0x00000000100030c8        0x0 linker stubs

.glue_7t        0x00000000100030c8        0x0
 .glue_7t       0x00000000100030c8        0x0 linker stubs

.vfp11_veneer   0x00000000100030c8        0x0
 .vfp11_veneer  0x00000000100030c8        0x0 linker stubs

.v4_bx          0x00000000100030c8        0x0
 .v4_bx         0x00000000100030c8        0x0 linker stubs

.iplt           0x00000000100030c8        0x0
 .iplt          0x00000000100030c8        0x0 /usr/lib/gcc/arm-none-eabi/9.2.1/thumb/v6-m/nofp/crtbegin.o

.rodata         0x00000000100030c8       0xa4
 *(EXCLUDE_FILE(*libm.a: *libc.a:*lib_a-mem*.o *libgcc.a:) .rodata*)
 .rodata.hardware_alarm_claim.str1.4
                0x00000000100030c8       0x22 CMakeFiles/marvin_motors.dir/home/om/pico/pico-sdk/src/rp2_common/hardware_timer/timer.c.obj
 *fill*         0x00000000100030ea        0x2 
 .rodata.panic.str1.4
                0x00000000100030ec       0x12 CMakeFiles/marvin_motors.dir/home/om/pico/pico-sdk/src/rp2_common/pico_runtime/runtime.c.obj
 *fill*         0x00000000100030fe        0x2 
 .rodata.hard_assertion_failure.str1.4
                0x0000000010003100        0xc CMakeFiles/marvin_motors.dir/home/om/pico/pico-sdk/src/rp2_common/pico_runtime/runtime.c.obj
 .rodata.str1.4
                0x000000001000310c       0x38 CMakeFiles/marvin_motors.dir/home/om/pico/pico-sdk/src/rp2_common/pico_standard_link/binary_info.c.obj
 .rodata.__bi_40
                0x0000000010003144        0xc CMakeFiles/marvin_motors.dir/home/om/pico/pico-sdk/src/rp2_common/pico_standard_link/binary_info.c.obj
 .rodata.__bi_52
                0x0000000010003150        0xc CMakeFiles/marvin_motors.dir/home/om/pico/pico-sdk/src/rp2_common/pico_standard_link/binary_info.c.obj
 .rodata.__bi_71
                0x000000001000315c        0xc CMakeFiles/marvin_motors.dir/home/om/pico/pico-sdk/src/rp2_common/pico_standard_link/binary_info.c.obj
 .rodata.crlf_str.5960
                0x0000000010003168        0x2 CMakeFiles/marvin_motors.dir/home/om/pico/pico-sdk/src/rp2_common/pico_stdio/stdio.c.obj
                0x000000001000316c                . = ALIGN (0x4)
 *fill*         0x000000001000316a        0x2 
 *(SORT_BY_ALIGNMENT(SORT_BY_NAME(.flashdata*)))
                0x000000001000316c                . = ALIGN (0x4)

.rel.dyn        0x000000001000316c        0x0
 .rel.iplt      0x000000001000316c        0x0 /usr/lib/gcc/arm-none-eabi/9.2.1/thumb/v6-m/nofp/crtbegin.o

.ARM.extab
 *(.ARM.extab* .gnu.linkonce.armextab.*)
                0x000000001000316c                __exidx_start = .

.ARM.exidx
 *(.ARM.exidx* .gnu.linkonce.armexidx.*)
                0x000000001000316c                __exidx_end = .
                0x000000001000316c                . = ALIGN (0x4)
                0x000000001000316c                __binary_info_start = .

.binary_info    0x000000001000316c       0x1c
 *(.binary_info.keep.*)
 .binary_info.keep.__bi_ptr18
                0x000000001000316c        0x4 CMakeFiles/marvin_motors.dir/home/om/pico/pico-sdk/src/rp2_common/pico_standard_link/binary_info.c.obj
 .binary_info.keep.__bi_ptr26
                0x0000000010003170        0x4 CMakeFiles/marvin_motors.dir/home/om/pico/pico-sdk/src/rp2_common/pico_standard_link/binary_info.c.obj
 .binary_info.keep.__bi_ptr34
                0x0000000010003174        0x4 CMakeFiles/marvin_motors.dir/home/om/pico/pico-sdk/src/rp2_common/pico_standard_link/binary_info.c.obj
 .binary_info.keep.__bi_ptr40
                0x0000000010003178        0x4 CMakeFiles/marvin_motors.dir/home/om/pico/pico-sdk/src/rp2_common/pico_standard_link/binary_info.c.obj
 .binary_info.keep.__bi_ptr46
                0x000000001000317c        0x4 CMakeFiles/marvin_motors.dir/home/om/pico/pico-sdk/src/rp2_common/pico_standard_link/binary_info.c.obj
 .binary_info.keep.__bi_ptr52
                0x0000000010003180        0x4 CMakeFiles/marvin_motors.dir/home/om/pico/pico-sdk/src/rp2_common/pico_standard_link/binary_info.c.obj
 .binary_info.keep.__bi_ptr71
                0x0000000010003184        0x4 CMakeFiles/marvin_motors.dir/home/om/pico/pico-sdk/src/rp2_common/pico_standard_link/binary_info.c.obj
 *(.binary_info.*)
                0x0000000010003188                __binary_info_end = .
                0x0000000010003188                . = ALIGN (0x4)
                0x0000000010003188                __etext = .

.ram_vector_table
                0x0000000020000000       0xc0
 *(.ram_vector_table)
 .ram_vector_table
                0x0000000020000000       0xc0 CMakeFiles/marvin_motors.dir/home/om/pico/pico-sdk/src/rp2_common/pico_runtime/runtime.c.obj
                0x0000000020000000                ram_vector_table

.data           0x00000000200000c0      0x9a0 load address 0x0000000010003188
                0x00000000200000c0                __data_start__ = .
 *(vtable)
 *(.time_critical*)
 .time_critical.mutex_enter_blocking
                0x00000000200000c0       0x50 CMakeFiles/marvin_motors.dir/home/om/pico/pico-sdk/src/common/pico_sync/mutex.c.obj
                0x00000000200000c0                mutex_enter_blocking
 .time_critical.mutex_try_enter
                0x0000000020000110       0x4c CMakeFiles/marvin_motors.dir/home/om/pico/pico-sdk/src/common/pico_sync/mutex.c.obj
                0x0000000020000110                mutex_try_enter
 .time_critical.mutex_exit
                0x000000002000015c       0x28 CMakeFiles/marvin_motors.dir/home/om/pico/pico-sdk/src/common/pico_sync/mutex.c.obj
                0x000000002000015c                mutex_exit
 *(.text*)
 .text          0x0000000020000184        0x4 /usr/lib/gcc/arm-none-eabi/9.2.1/thumb/v6-m/nofp/libgcc.a(_dvmd_tls.o)
                0x0000000020000184                __aeabi_ldiv0
                0x0000000020000184                __aeabi_idiv0
                0x0000000020000188                . = ALIGN (0x4)
 *(.rodata*)
                0x0000000020000188                . = ALIGN (0x4)
 *(.data*)
 .data.striped_spin_lock_num
                0x0000000020000188        0x1 CMakeFiles/marvin_motors.dir/home/om/pico/pico-sdk/src/rp2_common/hardware_sync/sync.c.obj
 *fill*         0x0000000020000189        0x3 
 .data          0x000000002000018c       0x48 CMakeFiles/marvin_motors.dir/home/om/pico/pico-sdk/src/rp2_common/hardware_irq/irq_handler_chain.S.obj
                0x000000002000018c                irq_handler_chain_slots
                0x00000000200001bc                irq_handler_chain_first_slot
                0x00000000200001c6                irq_handler_chain_remove_tail
 *fill*         0x00000000200001d4        0xc 
 .data.aeabi_bits_funcs
                0x00000000200001e0       0x10 CMakeFiles/marvin_motors.dir/home/om/pico/pico-sdk/src/rp2_common/pico_bit_ops/bit_ops_aeabi.S.obj
                0x00000000200001e0                aeabi_bits_funcs
                0x00000000200001f0                aeabi_bits_funcs_end
 .data.aeabi_mem_funcs
                0x00000000200001f0       0x10 CMakeFiles/marvin_motors.dir/home/om/pico/pico-sdk/src/rp2_common/pico_mem_ops/mem_ops_aeabi.S.obj
                0x00000000200001f0                aeabi_mem_funcs
                0x0000000020000200                aeabi_mem_funcs_end
 .data          0x0000000020000200      0x430 /usr/lib/gcc/arm-none-eabi/9.2.1/../../../arm-none-eabi/lib/thumb/v6-m/nofp/libc.a(lib_a-impure.o)
                0x0000000020000200                _impure_ptr
 .data          0x0000000020000630      0x410 /usr/lib/gcc/arm-none-eabi/9.2.1/../../../arm-none-eabi/lib/thumb/v6-m/nofp/libc.a(lib_a-mallocr.o)
                0x0000000020000630                __malloc_sbrk_base
                0x0000000020000634                __malloc_trim_threshold
                0x0000000020000638                __malloc_av_
                0x0000000020000a40                . = ALIGN (0x4)
 *(.after_data.*)
                0x0000000020000a40                . = ALIGN (0x4)
                0x0000000020000a40                PROVIDE (__mutex_array_start = .)
 *(SORT_BY_NAME(.mutex_array.*))
 *(.mutex_array)
 .mutex_array   0x0000000020000a40        0x8 CMakeFiles/marvin_motors.dir/home/om/pico/pico-sdk/src/rp2_common/pico_stdio/stdio.c.obj
                0x0000000020000a48                PROVIDE (__mutex_array_end = .)
                0x0000000020000a48                . = ALIGN (0x4)
                0x0000000020000a48                PROVIDE (__preinit_array_start = .)
 *(SORT_BY_NAME(.preinit_array.*))
 .preinit_array.00001
                0x0000000020000a48        0x4 CMakeFiles/marvin_motors.dir/home/om/pico/pico-sdk/src/rp2_common/pico_mem_ops/mem_ops_aeabi.S.obj
 .preinit_array.00010
                0x0000000020000a4c        0x4 CMakeFiles/marvin_motors.dir/home/om/pico/pico-sdk/src/rp2_common/pico_bit_ops/bit_ops_aeabi.S.obj
 .preinit_array.00020
                0x0000000020000a50        0x4 CMakeFiles/marvin_motors.dir/home/om/pico/pico-sdk/src/rp2_common/pico_double/double_aeabi.S.obj
 .preinit_array.00020
                0x0000000020000a54        0x4 CMakeFiles/marvin_motors.dir/home/om/pico/pico-sdk/src/rp2_common/pico_float/float_aeabi.S.obj
 *(.preinit_array)
                0x0000000020000a58                PROVIDE (__preinit_array_end = .)
                0x0000000020000a58                . = ALIGN (0x4)
                0x0000000020000a58                PROVIDE (__init_array_start = .)
 *(SORT_BY_NAME(.init_array.*))
 *(.init_array)
 .init_array    0x0000000020000a58        0x4 /usr/lib/gcc/arm-none-eabi/9.2.1/thumb/v6-m/nofp/crtbegin.o
 .init_array    0x0000000020000a5c        0x4 CMakeFiles/marvin_motors.dir/marvin_motors.cpp.obj
                0x0000000020000a60                PROVIDE (__init_array_end = .)
                0x0000000020000a60                . = ALIGN (0x4)
                0x0000000020000a60                PROVIDE (__fini_array_start = .)
 *(SORT_BY_NAME(.fini_array.*))
 *(.fini_array)
                0x0000000020000a60                PROVIDE (__fini_array_end = .)
 *(.jcr)
                0x0000000020000a60                . = ALIGN (0x4)
                0x0000000020000a60                __data_end__ = .

.tm_clone_table
                0x0000000020000a60        0x0 load address 0x0000000010003b28
 .tm_clone_table
                0x0000000020000a60        0x0 /usr/lib/gcc/arm-none-eabi/9.2.1/thumb/v6-m/nofp/crtbegin.o
 .tm_clone_table
                0x0000000020000a60        0x0 /usr/lib/gcc/arm-none-eabi/9.2.1/thumb/v6-m/nofp/crtend.o

.igot.plt       0x0000000020000a60        0x0 load address 0x0000000010003b28
 .igot.plt      0x0000000020000a60        0x0 /usr/lib/gcc/arm-none-eabi/9.2.1/thumb/v6-m/nofp/crtbegin.o

.uninitialized_data
                0x0000000020000a60        0x0 load address 0x0000000010003b28
                0x0000000020000a60                . = ALIGN (0x4)
 *(.uninitialized_data*)

.scratch_x      0x0000000020040000        0x0 load address 0x0000000010003b28
                0x0000000020040000                __scratch_x_start__ = .
 *(.scratch_x.*)
                0x0000000020040000                . = ALIGN (0x4)
                0x0000000020040000                __scratch_x_end__ = .
                0x0000000010003b28                __scratch_x_source__ = LOADADDR (.scratch_x)

.scratch_y      0x0000000020041000        0x0 load address 0x0000000010003b28
                0x0000000020041000                __scratch_y_start__ = .
 *(.scratch_y.*)
                0x0000000020041000                . = ALIGN (0x4)
                0x0000000020041000                __scratch_y_end__ = .
                0x0000000010003b28                __scratch_y_source__ = LOADADDR (.scratch_y)

.bss            0x0000000020000a60      0x468
                0x0000000020000a60                . = ALIGN (0x4)
                0x0000000020000a60                __bss_start__ = .
 *(SORT_BY_ALIGNMENT(SORT_BY_NAME(.bss*)))
 .bss           0x0000000020000a60       0x1c /usr/lib/gcc/arm-none-eabi/9.2.1/thumb/v6-m/nofp/crtbegin.o
 .bss           0x0000000020000a7c       0x34 /usr/lib/gcc/arm-none-eabi/9.2.1/../../../arm-none-eabi/lib/thumb/v6-m/nofp/libc.a(lib_a-mallocr.o)
                0x0000000020000a7c                __malloc_top_pad
                0x0000000020000a80                __malloc_current_mallinfo
                0x0000000020000aa8                __malloc_max_sbrked_mem
                0x0000000020000aac                __malloc_max_total_mem
 .bss._callbacks
                0x0000000020000ab0        0x8 CMakeFiles/marvin_motors.dir/home/om/pico/pico-sdk/src/rp2_common/hardware_gpio/gpio.c.obj
 .bss.alarm_callbacks
                0x0000000020000ab8       0x10 CMakeFiles/marvin_motors.dir/home/om/pico/pico-sdk/src/rp2_common/hardware_timer/timer.c.obj
 .bss.configured_freq
                0x0000000020000ac8       0x28 CMakeFiles/marvin_motors.dir/home/om/pico/pico-sdk/src/rp2_common/hardware_clocks/clocks.c.obj
 .bss.default_alarm_pool
                0x0000000020000af0        0x4 CMakeFiles/marvin_motors.dir/home/om/pico/pico-sdk/src/common/pico_time/time.c.obj
 .bss.drivers   0x0000000020000af4        0x4 CMakeFiles/marvin_motors.dir/home/om/pico/pico-sdk/src/rp2_common/pico_stdio/stdio.c.obj
 .bss.filter    0x0000000020000af8        0x4 CMakeFiles/marvin_motors.dir/home/om/pico/pico-sdk/src/rp2_common/pico_stdio/stdio.c.obj
 .bss.heap_end.5761
                0x0000000020000afc        0x4 CMakeFiles/marvin_motors.dir/home/om/pico/pico-sdk/src/rp2_common/pico_runtime/runtime.c.obj
 .bss.lazy_vsnprintf
                0x0000000020000b00        0x4 CMakeFiles/marvin_motors.dir/home/om/pico/pico-sdk/src/rp2_common/pico_printf/printf.c.obj
 .bss.pools     0x0000000020000b04       0x10 CMakeFiles/marvin_motors.dir/home/om/pico/pico-sdk/src/common/pico_time/time.c.obj
 .bss.target_hi
                0x0000000020000b14       0x10 CMakeFiles/marvin_motors.dir/home/om/pico/pico-sdk/src/rp2_common/hardware_timer/timer.c.obj
 .bss.wheel     0x0000000020000b24      0x198 CMakeFiles/marvin_motors.dir/marvin_motors.cpp.obj
                0x0000000020000b24                wheel
 .bss.claimed   0x0000000020000cbc        0x1 CMakeFiles/marvin_motors.dir/home/om/pico/pico-sdk/src/rp2_common/hardware_timer/timer.c.obj
 .bss.irq_hander_chain_free_slot_head
                0x0000000020000cbd        0x1 CMakeFiles/marvin_motors.dir/home/om/pico/pico-sdk/src/rp2_common/hardware_irq/irq.c.obj
 .bss.timer_callbacks_pending
                0x0000000020000cbe        0x1 CMakeFiles/marvin_motors.dir/home/om/pico/pico-sdk/src/rp2_common/hardware_timer/timer.c.obj
 *(COMMON)
 *fill*         0x0000000020000cbf        0x1 
 COMMON         0x0000000020000cc0      0x100 CMakeFiles/marvin_motors.dir/home/om/pico/pico-sdk/src/rp2_common/pico_double/double_init_rom.c.obj
                0x0000000020000cc0                sd_table
 COMMON         0x0000000020000dc0      0x104 CMakeFiles/marvin_motors.dir/home/om/pico/pico-sdk/src/rp2_common/pico_float/float_init_rom.c.obj
                0x0000000020000dc0                sf_table
                0x0000000020000ec0                sf_clz_func
 COMMON         0x0000000020000ec4        0x4 /usr/lib/gcc/arm-none-eabi/9.2.1/../../../arm-none-eabi/lib/thumb/v6-m/nofp/libc.a(lib_a-reent.o)
                0x0000000020000ec4                errno
                0x0000000020000ec8                . = ALIGN (0x4)
                0x0000000020000ec8                __bss_end__ = .

.heap           0x0000000020000ec8      0x800
                0x0000000020000ec8                __end__ = .
                0x0000000020000ec8                end = __end__
 *(.heap*)
 .heap          0x0000000020000ec8      0x800 CMakeFiles/marvin_motors.dir/home/om/pico/pico-sdk/src/rp2_common/pico_standard_link/crt0.S.obj
                0x00000000200016c8                __HeapLimit = .

.stack1_dummy   0x0000000020040000        0x0
 *(.stack1*)

.stack_dummy    0x0000000020041000      0x800
 *(.stack*)
 .stack         0x0000000020041000      0x800 CMakeFiles/marvin_motors.dir/home/om/pico/pico-sdk/src/rp2_common/pico_standard_link/crt0.S.obj

.flash_end      0x0000000010003b28        0x0
                0x0000000010003b28                __flash_binary_end = .
                0x0000000020040000                __StackLimit = (ORIGIN (RAM) + LENGTH (RAM))
                0x0000000020041000                __StackOneTop = (ORIGIN (SCRATCH_X) + LENGTH (SCRATCH_X))
                0x0000000020042000                __StackTop = (ORIGIN (SCRATCH_Y) + LENGTH (SCRATCH_Y))
                0x0000000020041000                __StackOneBottom = (__StackOneTop - SIZEOF (.stack1_dummy))
                0x0000000020041800                __StackBottom = (__StackTop - SIZEOF (.stack_dummy))
                0x0000000020042000                PROVIDE (__stack = __StackTop)
                0x0000000000000001                ASSERT ((__StackLimit >= __HeapLimit), region RAM overflowed)
LOAD CMakeFiles/marvin_motors.dir/marvin_motors.cpp.obj
LOAD CMakeFiles/marvin_motors.dir/wheel.cpp.obj
LOAD CMakeFiles/marvin_motors.dir/home/om/pico/pico-sdk/src/rp2_common/pico_stdlib/stdlib.c.obj
LOAD CMakeFiles/marvin_motors.dir/home/om/pico/pico-sdk/src/rp2_common/hardware_gpio/gpio.c.obj
LOAD CMakeFiles/marvin_motors.dir/home/om/pico/pico-sdk/src/rp2_common/hardware_claim/claim.c.obj
LOAD CMakeFiles/marvin_motors.dir/home/om/pico/pico-sdk/src/rp2_common/hardware_sync/sync.c.obj
LOAD CMakeFiles/marvin_motors.dir/home/om/pico/pico-sdk/src/rp2_common/pico_platform/platform.c.obj
LOAD CMakeFiles/marvin_motors.dir/home/om/pico/pico-sdk/src/rp2_common/hardware_uart/uart.c.obj
LOAD CMakeFiles/marvin_motors.dir/home/om/pico/pico-sdk/src/rp2_common/hardware_divider/divider.S.obj
LOAD CMakeFiles/marvin_motors.dir/home/om/pico/pico-sdk/src/common/pico_time/time.c.obj
LOAD CMakeFiles/marvin_motors.dir/home/om/pico/pico-sdk/src/common/pico_time/timeout_helper.c.obj
LOAD CMakeFiles/marvin_motors.dir/home/om/pico/pico-sdk/src/rp2_common/hardware_timer/timer.c.obj
LOAD CMakeFiles/marvin_motors.dir/home/om/pico/pico-sdk/src/common/pico_sync/sem.c.obj
LOAD CMakeFiles/marvin_motors.dir/home/om/pico/pico-sdk/src/common/pico_sync/lock_core.c.obj
LOAD CMakeFiles/marvin_motors.dir/home/om/pico/pico-sdk/src/common/pico_sync/mutex.c.obj
LOAD CMakeFiles/marvin_motors.dir/home/om/pico/pico-sdk/src/common/pico_sync/critical_section.c.obj
LOAD CMakeFiles/marvin_motors.dir/home/om/pico/pico-sdk/src/common/pico_util/datetime.c.obj
LOAD CMakeFiles/marvin_motors.dir/home/om/pico/pico-sdk/src/common/pico_util/pheap.c.obj
LOAD CMakeFiles/marvin_motors.dir/home/om/pico/pico-sdk/src/common/pico_util/queue.c.obj
LOAD CMakeFiles/marvin_motors.dir/home/om/pico/pico-sdk/src/rp2_common/pico_runtime/runtime.c.obj
LOAD CMakeFiles/marvin_motors.dir/home/om/pico/pico-sdk/src/rp2_common/hardware_clocks/clocks.c.obj
LOAD CMakeFiles/marvin_motors.dir/home/om/pico/pico-sdk/src/rp2_common/hardware_watchdog/watchdog.c.obj
LOAD CMakeFiles/marvin_motors.dir/home/om/pico/pico-sdk/src/rp2_common/hardware_xosc/xosc.c.obj
LOAD CMakeFiles/marvin_motors.dir/home/om/pico/pico-sdk/src/rp2_common/hardware_pll/pll.c.obj
LOAD CMakeFiles/marvin_motors.dir/home/om/pico/pico-sdk/src/rp2_common/hardware_vreg/vreg.c.obj
LOAD CMakeFiles/marvin_motors.dir/home/om/pico/pico-sdk/src/rp2_common/hardware_irq/irq.c.obj
LOAD CMakeFiles/marvin_motors.dir/home/om/pico/pico-sdk/src/rp2_common/hardware_irq/irq_handler_chain.S.obj
LOAD CMakeFiles/marvin_motors.dir/home/om/pico/pico-sdk/src/rp2_common/pico_printf/printf.c.obj
LOAD CMakeFiles/marvin_motors.dir/home/om/pico/pico-sdk/src/rp2_common/pico_bit_ops/bit_ops_aeabi.S.obj
LOAD CMakeFiles/marvin_motors.dir/home/om/pico/pico-sdk/src/rp2_common/pico_bootrom/bootrom.c.obj
LOAD CMakeFiles/marvin_motors.dir/home/om/pico/pico-sdk/src/rp2_common/pico_divider/divider.S.obj
LOAD CMakeFiles/marvin_motors.dir/home/om/pico/pico-sdk/src/rp2_common/pico_double/double_aeabi.S.obj
LOAD CMakeFiles/marvin_motors.dir/home/om/pico/pico-sdk/src/rp2_common/pico_double/double_init_rom.c.obj
LOAD CMakeFiles/marvin_motors.dir/home/om/pico/pico-sdk/src/rp2_common/pico_double/double_math.c.obj
LOAD CMakeFiles/marvin_motors.dir/home/om/pico/pico-sdk/src/rp2_common/pico_double/double_v1_rom_shim.S.obj
LOAD CMakeFiles/marvin_motors.dir/home/om/pico/pico-sdk/src/rp2_common/pico_int64_ops/pico_int64_ops_aeabi.S.obj
LOAD CMakeFiles/marvin_motors.dir/home/om/pico/pico-sdk/src/rp2_common/pico_float/float_aeabi.S.obj
LOAD CMakeFiles/marvin_motors.dir/home/om/pico/pico-sdk/src/rp2_common/pico_float/float_init_rom.c.obj
LOAD CMakeFiles/marvin_motors.dir/home/om/pico/pico-sdk/src/rp2_common/pico_float/float_math.c.obj
LOAD CMakeFiles/marvin_motors.dir/home/om/pico/pico-sdk/src/rp2_common/pico_float/float_v1_rom_shim.S.obj
LOAD CMakeFiles/marvin_motors.dir/home/om/pico/pico-sdk/src/rp2_common/pico_malloc/pico_malloc.c.obj
LOAD CMakeFiles/marvin_motors.dir/home/om/pico/pico-sdk/src/rp2_common/pico_mem_ops/mem_ops_aeabi.S.obj
LOAD CMakeFiles/marvin_motors.dir/home/om/pico/pico-sdk/src/rp2_common/pico_standard_link/crt0.S.obj
LOAD CMakeFiles/marvin_motors.dir/home/om/pico/pico-sdk/src/rp2_common/pico_standard_link/new_delete.cpp.obj
LOAD CMakeFiles/marvin_motors.dir/home/om/pico/pico-sdk/src/rp2_common/pico_standard_link/binary_info.c.obj
LOAD CMakeFiles/marvin_motors.dir/home/om/pico/pico-sdk/src/rp2_common/pico_stdio/stdio.c.obj
LOAD CMakeFiles/marvin_motors.dir/home/om/pico/pico-sdk/src/rp2_common/pico_stdio_uart/stdio_uart.c.obj
LOAD CMakeFiles/marvin_motors.dir/home/om/pico/pico-sdk/src/rp2_common/pico_stdio_usb/stdio_usb.c.obj
LOAD CMakeFiles/marvin_motors.dir/home/om/pico/pico-sdk/src/rp2_common/pico_stdio_usb/stdio_usb_descriptors.c.obj
LOAD CMakeFiles/marvin_motors.dir/home/om/pico/pico-sdk/lib/tinyusb/src/portable/raspberrypi/rp2040/dcd_rp2040.c.obj
LOAD CMakeFiles/marvin_motors.dir/home/om/pico/pico-sdk/lib/tinyusb/src/portable/raspberrypi/rp2040/rp2040_usb.c.obj
LOAD CMakeFiles/marvin_motors.dir/home/om/pico/pico-sdk/lib/tinyusb/src/device/usbd.c.obj
LOAD CMakeFiles/marvin_motors.dir/home/om/pico/pico-sdk/lib/tinyusb/src/device/usbd_control.c.obj
LOAD CMakeFiles/marvin_motors.dir/home/om/pico/pico-sdk/lib/tinyusb/src/class/audio/audio_device.c.obj
LOAD CMakeFiles/marvin_motors.dir/home/om/pico/pico-sdk/lib/tinyusb/src/class/cdc/cdc_device.c.obj
LOAD CMakeFiles/marvin_motors.dir/home/om/pico/pico-sdk/lib/tinyusb/src/class/dfu/dfu_rt_device.c.obj
LOAD CMakeFiles/marvin_motors.dir/home/om/pico/pico-sdk/lib/tinyusb/src/class/hid/hid_device.c.obj
LOAD CMakeFiles/marvin_motors.dir/home/om/pico/pico-sdk/lib/tinyusb/src/class/midi/midi_device.c.obj
LOAD CMakeFiles/marvin_motors.dir/home/om/pico/pico-sdk/lib/tinyusb/src/class/msc/msc_device.c.obj
LOAD CMakeFiles/marvin_motors.dir/home/om/pico/pico-sdk/lib/tinyusb/src/class/net/net_device.c.obj
LOAD CMakeFiles/marvin_motors.dir/home/om/pico/pico-sdk/lib/tinyusb/src/class/usbtmc/usbtmc_device.c.obj
LOAD CMakeFiles/marvin_motors.dir/home/om/pico/pico-sdk/lib/tinyusb/src/class/vendor/vendor_device.c.obj
LOAD CMakeFiles/marvin_motors.dir/home/om/pico/pico-sdk/lib/tinyusb/src/tusb.c.obj
LOAD CMakeFiles/marvin_motors.dir/home/om/pico/pico-sdk/lib/tinyusb/src/common/tusb_fifo.c.obj
LOAD CMakeFiles/marvin_motors.dir/home/om/pico/pico-sdk/src/rp2_common/pico_fix/rp2040_usb_device_enumeration/rp2040_usb_device_enumeration.c.obj
LOAD CMakeFiles/marvin_motors.dir/home/om/pico/pico-sdk/src/rp2_common/hardware_dma/dma.c.obj
LOAD /tmp/cchPj8h6.o
LOAD /usr/lib/gcc/arm-none-eabi/9.2.1/../../../arm-none-eabi/lib/thumb/v6-m/nofp/libstdc++.a
LOAD /usr/lib/gcc/arm-none-eabi/9.2.1/../../../arm-none-eabi/lib/thumb/v6-m/nofp/libm.a
START GROUP
LOAD /usr/lib/gcc/arm-none-eabi/9.2.1/thumb/v6-m/nofp/libgcc.a
LOAD /usr/lib/gcc/arm-none-eabi/9.2.1/../../../arm-none-eabi/lib/thumb/v6-m/nofp/libc.a
END GROUP
START GROUP
LOAD /usr/lib/gcc/arm-none-eabi/9.2.1/thumb/v6-m/nofp/libgcc.a
LOAD /usr/lib/gcc/arm-none-eabi/9.2.1/../../../arm-none-eabi/lib/thumb/v6-m/nofp/libc.a
LOAD /usr/lib/gcc/arm-none-eabi/9.2.1/../../../arm-none-eabi/lib/thumb/v6-m/nofp/libnosys.a
END GROUP
LOAD /usr/lib/gcc/arm-none-eabi/9.2.1/thumb/v6-m/nofp/crtend.o
LOAD /usr/lib/gcc/arm-none-eabi/9.2.1/thumb/v6-m/nofp/crtn.o
OUTPUT(marvin_motors.elf elf32-littlearm)
LOAD linker stubs

.ARM.attributes
                0x0000000000000000       0x28
 .ARM.attributes
                0x0000000000000000       0x1e /usr/lib/gcc/arm-none-eabi/9.2.1/thumb/v6-m/nofp/crti.o
 .ARM.attributes
                0x000000000000001e       0x2c /usr/lib/gcc/arm-none-eabi/9.2.1/thumb/v6-m/nofp/crtbegin.o
 .ARM.attributes
                0x000000000000004a       0x2b CMakeFiles/marvin_motors.dir/marvin_motors.cpp.obj
 .ARM.attributes
                0x0000000000000075       0x2b CMakeFiles/marvin_motors.dir/wheel.cpp.obj
 .ARM.attributes
                0x00000000000000a0       0x2b CMakeFiles/marvin_motors.dir/home/om/pico/pico-sdk/src/rp2_common/hardware_gpio/gpio.c.obj
 .ARM.attributes
                0x00000000000000cb       0x2b CMakeFiles/marvin_motors.dir/home/om/pico/pico-sdk/src/rp2_common/hardware_claim/claim.c.obj
 .ARM.attributes
                0x00000000000000f6       0x2b CMakeFiles/marvin_motors.dir/home/om/pico/pico-sdk/src/rp2_common/hardware_sync/sync.c.obj
 .ARM.attributes
                0x0000000000000121       0x2b CMakeFiles/marvin_motors.dir/home/om/pico/pico-sdk/src/rp2_common/pico_platform/platform.c.obj
 .ARM.attributes
                0x000000000000014c       0x2b CMakeFiles/marvin_motors.dir/home/om/pico/pico-sdk/src/common/pico_time/time.c.obj
 .ARM.attributes
                0x0000000000000177       0x2b CMakeFiles/marvin_motors.dir/home/om/pico/pico-sdk/src/rp2_common/hardware_timer/timer.c.obj
 .ARM.attributes
                0x00000000000001a2       0x2b CMakeFiles/marvin_motors.dir/home/om/pico/pico-sdk/src/common/pico_sync/lock_core.c.obj
 .ARM.attributes
                0x00000000000001cd       0x2b CMakeFiles/marvin_motors.dir/home/om/pico/pico-sdk/src/common/pico_sync/mutex.c.obj
 .ARM.attributes
                0x00000000000001f8       0x2b CMakeFiles/marvin_motors.dir/home/om/pico/pico-sdk/src/common/pico_util/pheap.c.obj
 .ARM.attributes
                0x0000000000000223       0x2b CMakeFiles/marvin_motors.dir/home/om/pico/pico-sdk/src/rp2_common/pico_runtime/runtime.c.obj
 .ARM.attributes
                0x000000000000024e       0x2b CMakeFiles/marvin_motors.dir/home/om/pico/pico-sdk/src/rp2_common/hardware_clocks/clocks.c.obj
 .ARM.attributes
                0x0000000000000279       0x2b CMakeFiles/marvin_motors.dir/home/om/pico/pico-sdk/src/rp2_common/hardware_watchdog/watchdog.c.obj
 .ARM.attributes
                0x00000000000002a4       0x2b CMakeFiles/marvin_motors.dir/home/om/pico/pico-sdk/src/rp2_common/hardware_xosc/xosc.c.obj
 .ARM.attributes
                0x00000000000002cf       0x2b CMakeFiles/marvin_motors.dir/home/om/pico/pico-sdk/src/rp2_common/hardware_pll/pll.c.obj
 .ARM.attributes
                0x00000000000002fa       0x2b CMakeFiles/marvin_motors.dir/home/om/pico/pico-sdk/src/rp2_common/hardware_irq/irq.c.obj
 .ARM.attributes
                0x0000000000000325       0x22 CMakeFiles/marvin_motors.dir/home/om/pico/pico-sdk/src/rp2_common/hardware_irq/irq_handler_chain.S.obj
 .ARM.attributes
                0x0000000000000347       0x2b CMakeFiles/marvin_motors.dir/home/om/pico/pico-sdk/src/rp2_common/pico_printf/printf.c.obj
 .ARM.attributes
                0x0000000000000372       0x22 CMakeFiles/marvin_motors.dir/home/om/pico/pico-sdk/src/rp2_common/pico_bit_ops/bit_ops_aeabi.S.obj
 .ARM.attributes
                0x0000000000000394       0x2b CMakeFiles/marvin_motors.dir/home/om/pico/pico-sdk/src/rp2_common/pico_bootrom/bootrom.c.obj
 .ARM.attributes
                0x00000000000003bf       0x22 CMakeFiles/marvin_motors.dir/home/om/pico/pico-sdk/src/rp2_common/pico_divider/divider.S.obj
 .ARM.attributes
                0x00000000000003e1       0x22 CMakeFiles/marvin_motors.dir/home/om/pico/pico-sdk/src/rp2_common/pico_double/double_aeabi.S.obj
 .ARM.attributes
                0x0000000000000403       0x2b CMakeFiles/marvin_motors.dir/home/om/pico/pico-sdk/src/rp2_common/pico_double/double_init_rom.c.obj
 .ARM.attributes
                0x000000000000042e       0x22 CMakeFiles/marvin_motors.dir/home/om/pico/pico-sdk/src/rp2_common/pico_double/double_v1_rom_shim.S.obj
 .ARM.attributes
                0x0000000000000450       0x22 CMakeFiles/marvin_motors.dir/home/om/pico/pico-sdk/src/rp2_common/pico_float/float_aeabi.S.obj
 .ARM.attributes
                0x0000000000000472       0x2b CMakeFiles/marvin_motors.dir/home/om/pico/pico-sdk/src/rp2_common/pico_float/float_init_rom.c.obj
 .ARM.attributes
                0x000000000000049d       0x22 CMakeFiles/marvin_motors.dir/home/om/pico/pico-sdk/src/rp2_common/pico_float/float_v1_rom_shim.S.obj
 .ARM.attributes
                0x00000000000004bf       0x2b CMakeFiles/marvin_motors.dir/home/om/pico/pico-sdk/src/rp2_common/pico_malloc/pico_malloc.c.obj
 .ARM.attributes
                0x00000000000004ea       0x22 CMakeFiles/marvin_motors.dir/home/om/pico/pico-sdk/src/rp2_common/pico_mem_ops/mem_ops_aeabi.S.obj
 .ARM.attributes
                0x000000000000050c       0x22 CMakeFiles/marvin_motors.dir/home/om/pico/pico-sdk/src/rp2_common/pico_standard_link/crt0.S.obj
 .ARM.attributes
                0x000000000000052e       0x32 CMakeFiles/marvin_motors.dir/home/om/pico/pico-sdk/src/rp2_common/pico_standard_link/binary_info.c.obj
 .ARM.attributes
                0x0000000000000560       0x2b CMakeFiles/marvin_motors.dir/home/om/pico/pico-sdk/src/rp2_common/pico_stdio/stdio.c.obj
 .ARM.attributes
                0x000000000000058b       0x1b /tmp/cchPj8h6.o
 .ARM.attributes
                0x00000000000005a6       0x1e /usr/lib/gcc/arm-none-eabi/9.2.1/thumb/v6-m/nofp/libgcc.a(_dvmd_tls.o)
 .ARM.attributes
                0x00000000000005c4       0x2c /usr/lib/gcc/arm-none-eabi/9.2.1/../../../arm-none-eabi/lib/thumb/v6-m/nofp/libc.a(lib_a-calloc.o)
 .ARM.attributes
                0x00000000000005f0       0x2c /usr/lib/gcc/arm-none-eabi/9.2.1/../../../arm-none-eabi/lib/thumb/v6-m/nofp/libc.a(lib_a-callocr.o)
 .ARM.attributes
                0x000000000000061c       0x2c /usr/lib/gcc/arm-none-eabi/9.2.1/../../../arm-none-eabi/lib/thumb/v6-m/nofp/libc.a(lib_a-impure.o)
 .ARM.attributes
                0x0000000000000648       0x2c /usr/lib/gcc/arm-none-eabi/9.2.1/../../../arm-none-eabi/lib/thumb/v6-m/nofp/libc.a(lib_a-malloc.o)
 .ARM.attributes
                0x0000000000000674       0x2c /usr/lib/gcc/arm-none-eabi/9.2.1/../../../arm-none-eabi/lib/thumb/v6-m/nofp/libc.a(lib_a-mallocr.o)
 .ARM.attributes
                0x00000000000006a0       0x2c /usr/lib/gcc/arm-none-eabi/9.2.1/../../../arm-none-eabi/lib/thumb/v6-m/nofp/libc.a(lib_a-mlock.o)
 .ARM.attributes
                0x00000000000006cc       0x2c /usr/lib/gcc/arm-none-eabi/9.2.1/../../../arm-none-eabi/lib/thumb/v6-m/nofp/libc.a(lib_a-sbrkr.o)
 .ARM.attributes
                0x00000000000006f8       0x2c /usr/lib/gcc/arm-none-eabi/9.2.1/../../../arm-none-eabi/lib/thumb/v6-m/nofp/libc.a(lib_a-strlen-stub.o)
 .ARM.attributes
                0x0000000000000724       0x2c /usr/lib/gcc/arm-none-eabi/9.2.1/../../../arm-none-eabi/lib/thumb/v6-m/nofp/libc.a(lib_a-freer.o)
 .ARM.attributes
                0x0000000000000750       0x2c /usr/lib/gcc/arm-none-eabi/9.2.1/../../../arm-none-eabi/lib/thumb/v6-m/nofp/libc.a(lib_a-reent.o)
 .ARM.attributes
                0x000000000000077c       0x2c /usr/lib/gcc/arm-none-eabi/9.2.1/thumb/v6-m/nofp/crtend.o

.comment        0x0000000000000000       0xa7
 .comment       0x0000000000000000       0x59 /usr/lib/gcc/arm-none-eabi/9.2.1/thumb/v6-m/nofp/crtbegin.o
                                         0x5a (size before relaxing)
 .comment       0x0000000000000059       0x5a CMakeFiles/marvin_motors.dir/marvin_motors.cpp.obj
 .comment       0x0000000000000059       0x5a CMakeFiles/marvin_motors.dir/wheel.cpp.obj
 .comment       0x0000000000000059       0x5a CMakeFiles/marvin_motors.dir/home/om/pico/pico-sdk/src/rp2_common/hardware_gpio/gpio.c.obj
 .comment       0x0000000000000059       0x5a CMakeFiles/marvin_motors.dir/home/om/pico/pico-sdk/src/rp2_common/hardware_claim/claim.c.obj
 .comment       0x0000000000000059       0x5a CMakeFiles/marvin_motors.dir/home/om/pico/pico-sdk/src/rp2_common/hardware_sync/sync.c.obj
 .comment       0x0000000000000059       0x5a CMakeFiles/marvin_motors.dir/home/om/pico/pico-sdk/src/rp2_common/pico_platform/platform.c.obj
 .comment       0x0000000000000059       0x5a CMakeFiles/marvin_motors.dir/home/om/pico/pico-sdk/src/common/pico_time/time.c.obj
 .comment       0x0000000000000059       0x5a CMakeFiles/marvin_motors.dir/home/om/pico/pico-sdk/src/rp2_common/hardware_timer/timer.c.obj
 .comment       0x0000000000000059       0x5a CMakeFiles/marvin_motors.dir/home/om/pico/pico-sdk/src/common/pico_sync/lock_core.c.obj
 .comment       0x0000000000000059       0x5a CMakeFiles/marvin_motors.dir/home/om/pico/pico-sdk/src/common/pico_sync/mutex.c.obj
 .comment       0x0000000000000059       0x5a CMakeFiles/marvin_motors.dir/home/om/pico/pico-sdk/src/common/pico_util/pheap.c.obj
 .comment       0x0000000000000059       0x5a CMakeFiles/marvin_motors.dir/home/om/pico/pico-sdk/src/rp2_common/pico_runtime/runtime.c.obj
 .comment       0x0000000000000059       0x5a CMakeFiles/marvin_motors.dir/home/om/pico/pico-sdk/src/rp2_common/hardware_clocks/clocks.c.obj
 .comment       0x0000000000000059       0x5a CMakeFiles/marvin_motors.dir/home/om/pico/pico-sdk/src/rp2_common/hardware_watchdog/watchdog.c.obj
 .comment       0x0000000000000059       0x5a CMakeFiles/marvin_motors.dir/home/om/pico/pico-sdk/src/rp2_common/hardware_xosc/xosc.c.obj
 .comment       0x0000000000000059       0x5a CMakeFiles/marvin_motors.dir/home/om/pico/pico-sdk/src/rp2_common/hardware_pll/pll.c.obj
 .comment       0x0000000000000059       0x5a CMakeFiles/marvin_motors.dir/home/om/pico/pico-sdk/src/rp2_common/hardware_irq/irq.c.obj
 .comment       0x0000000000000059       0x5a CMakeFiles/marvin_motors.dir/home/om/pico/pico-sdk/src/rp2_common/pico_printf/printf.c.obj
 .comment       0x0000000000000059       0x5a CMakeFiles/marvin_motors.dir/home/om/pico/pico-sdk/src/rp2_common/pico_bootrom/bootrom.c.obj
 .comment       0x0000000000000059       0x5a CMakeFiles/marvin_motors.dir/home/om/pico/pico-sdk/src/rp2_common/pico_double/double_init_rom.c.obj
 .comment       0x0000000000000059       0x5a CMakeFiles/marvin_motors.dir/home/om/pico/pico-sdk/src/rp2_common/pico_float/float_init_rom.c.obj
 .comment       0x0000000000000059       0x5a CMakeFiles/marvin_motors.dir/home/om/pico/pico-sdk/src/rp2_common/pico_malloc/pico_malloc.c.obj
 .comment       0x0000000000000059       0x5a CMakeFiles/marvin_motors.dir/home/om/pico/pico-sdk/src/rp2_common/pico_standard_link/binary_info.c.obj
 .comment       0x0000000000000059       0x5a CMakeFiles/marvin_motors.dir/home/om/pico/pico-sdk/src/rp2_common/pico_stdio/stdio.c.obj
 .comment       0x0000000000000059       0x4e /usr/lib/gcc/arm-none-eabi/9.2.1/../../../arm-none-eabi/lib/thumb/v6-m/nofp/libc.a(lib_a-calloc.o)
                                         0x4f (size before relaxing)
 .comment       0x00000000000000a7       0x4f /usr/lib/gcc/arm-none-eabi/9.2.1/../../../arm-none-eabi/lib/thumb/v6-m/nofp/libc.a(lib_a-callocr.o)
 .comment       0x00000000000000a7       0x4f /usr/lib/gcc/arm-none-eabi/9.2.1/../../../arm-none-eabi/lib/thumb/v6-m/nofp/libc.a(lib_a-impure.o)
 .comment       0x00000000000000a7       0x4f /usr/lib/gcc/arm-none-eabi/9.2.1/../../../arm-none-eabi/lib/thumb/v6-m/nofp/libc.a(lib_a-malloc.o)
 .comment       0x00000000000000a7       0x4f /usr/lib/gcc/arm-none-eabi/9.2.1/../../../arm-none-eabi/lib/thumb/v6-m/nofp/libc.a(lib_a-mallocr.o)
 .comment       0x00000000000000a7       0x4f /usr/lib/gcc/arm-none-eabi/9.2.1/../../../arm-none-eabi/lib/thumb/v6-m/nofp/libc.a(lib_a-mlock.o)
 .comment       0x00000000000000a7       0x4f /usr/lib/gcc/arm-none-eabi/9.2.1/../../../arm-none-eabi/lib/thumb/v6-m/nofp/libc.a(lib_a-sbrkr.o)
 .comment       0x00000000000000a7       0x4f /usr/lib/gcc/arm-none-eabi/9.2.1/../../../arm-none-eabi/lib/thumb/v6-m/nofp/libc.a(lib_a-strlen-stub.o)
 .comment       0x00000000000000a7       0x4f /usr/lib/gcc/arm-none-eabi/9.2.1/../../../arm-none-eabi/lib/thumb/v6-m/nofp/libc.a(lib_a-freer.o)
 .comment       0x00000000000000a7       0x4f /usr/lib/gcc/arm-none-eabi/9.2.1/../../../arm-none-eabi/lib/thumb/v6-m/nofp/libc.a(lib_a-reent.o)
 .comment       0x00000000000000a7       0x5a /usr/lib/gcc/arm-none-eabi/9.2.1/thumb/v6-m/nofp/crtend.o

.debug_line     0x0000000000000000     0x1994
 .debug_line    0x0000000000000000       0x60 /usr/lib/gcc/arm-none-eabi/9.2.1/thumb/v6-m/nofp/libgcc.a(_dvmd_tls.o)
 .debug_line    0x0000000000000060      0x14c /usr/lib/gcc/arm-none-eabi/9.2.1/../../../arm-none-eabi/lib/thumb/v6-m/nofp/libc.a(lib_a-calloc.o)
 .debug_line    0x00000000000001ac      0x1e7 /usr/lib/gcc/arm-none-eabi/9.2.1/../../../arm-none-eabi/lib/thumb/v6-m/nofp/libc.a(lib_a-callocr.o)
 .debug_line    0x0000000000000393       0xe3 /usr/lib/gcc/arm-none-eabi/9.2.1/../../../arm-none-eabi/lib/thumb/v6-m/nofp/libc.a(lib_a-impure.o)
 .debug_line    0x0000000000000476      0x16e /usr/lib/gcc/arm-none-eabi/9.2.1/../../../arm-none-eabi/lib/thumb/v6-m/nofp/libc.a(lib_a-malloc.o)
 .debug_line    0x00000000000005e4      0x89d /usr/lib/gcc/arm-none-eabi/9.2.1/../../../arm-none-eabi/lib/thumb/v6-m/nofp/libc.a(lib_a-mallocr.o)
 .debug_line    0x0000000000000e81      0x13d /usr/lib/gcc/arm-none-eabi/9.2.1/../../../arm-none-eabi/lib/thumb/v6-m/nofp/libc.a(lib_a-mlock.o)
 .debug_line    0x0000000000000fbe      0x185 /usr/lib/gcc/arm-none-eabi/9.2.1/../../../arm-none-eabi/lib/thumb/v6-m/nofp/libc.a(lib_a-sbrkr.o)
 .debug_line    0x0000000000001143      0x1c2 /usr/lib/gcc/arm-none-eabi/9.2.1/../../../arm-none-eabi/lib/thumb/v6-m/nofp/libc.a(lib_a-strlen-stub.o)
 .debug_line    0x0000000000001305      0x482 /usr/lib/gcc/arm-none-eabi/9.2.1/../../../arm-none-eabi/lib/thumb/v6-m/nofp/libc.a(lib_a-freer.o)
 .debug_line    0x0000000000001787      0x20d /usr/lib/gcc/arm-none-eabi/9.2.1/../../../arm-none-eabi/lib/thumb/v6-m/nofp/libc.a(lib_a-reent.o)

.debug_info     0x0000000000000000     0x6d01
 .debug_info    0x0000000000000000       0x26 /usr/lib/gcc/arm-none-eabi/9.2.1/thumb/v6-m/nofp/libgcc.a(_dvmd_tls.o)
 .debug_info    0x0000000000000026      0x988 /usr/lib/gcc/arm-none-eabi/9.2.1/../../../arm-none-eabi/lib/thumb/v6-m/nofp/libc.a(lib_a-calloc.o)
 .debug_info    0x00000000000009ae      0xc2f /usr/lib/gcc/arm-none-eabi/9.2.1/../../../arm-none-eabi/lib/thumb/v6-m/nofp/libc.a(lib_a-callocr.o)
 .debug_info    0x00000000000015dd      0x92a /usr/lib/gcc/arm-none-eabi/9.2.1/../../../arm-none-eabi/lib/thumb/v6-m/nofp/libc.a(lib_a-impure.o)
 .debug_info    0x0000000000001f07      0x9b6 /usr/lib/gcc/arm-none-eabi/9.2.1/../../../arm-none-eabi/lib/thumb/v6-m/nofp/libc.a(lib_a-malloc.o)
 .debug_info    0x00000000000028bd      0xf1a /usr/lib/gcc/arm-none-eabi/9.2.1/../../../arm-none-eabi/lib/thumb/v6-m/nofp/libc.a(lib_a-mallocr.o)
 .debug_info    0x00000000000037d7      0x961 /usr/lib/gcc/arm-none-eabi/9.2.1/../../../arm-none-eabi/lib/thumb/v6-m/nofp/libc.a(lib_a-mlock.o)
 .debug_info    0x0000000000004138      0x9fb /usr/lib/gcc/arm-none-eabi/9.2.1/../../../arm-none-eabi/lib/thumb/v6-m/nofp/libc.a(lib_a-sbrkr.o)
 .debug_info    0x0000000000004b33      0x973 /usr/lib/gcc/arm-none-eabi/9.2.1/../../../arm-none-eabi/lib/thumb/v6-m/nofp/libc.a(lib_a-strlen-stub.o)
 .debug_info    0x00000000000054a6      0xd99 /usr/lib/gcc/arm-none-eabi/9.2.1/../../../arm-none-eabi/lib/thumb/v6-m/nofp/libc.a(lib_a-freer.o)
 .debug_info    0x000000000000623f      0xac2 /usr/lib/gcc/arm-none-eabi/9.2.1/../../../arm-none-eabi/lib/thumb/v6-m/nofp/libc.a(lib_a-reent.o)

.debug_abbrev   0x0000000000000000     0x1754
 .debug_abbrev  0x0000000000000000       0x14 /usr/lib/gcc/arm-none-eabi/9.2.1/thumb/v6-m/nofp/libgcc.a(_dvmd_tls.o)
 .debug_abbrev  0x0000000000000014      0x225 /usr/lib/gcc/arm-none-eabi/9.2.1/../../../arm-none-eabi/lib/thumb/v6-m/nofp/libc.a(lib_a-calloc.o)
 .debug_abbrev  0x0000000000000239      0x275 /usr/lib/gcc/arm-none-eabi/9.2.1/../../../arm-none-eabi/lib/thumb/v6-m/nofp/libc.a(lib_a-callocr.o)
 .debug_abbrev  0x00000000000004ae      0x1b8 /usr/lib/gcc/arm-none-eabi/9.2.1/../../../arm-none-eabi/lib/thumb/v6-m/nofp/libc.a(lib_a-impure.o)
 .debug_abbrev  0x0000000000000666      0x22d /usr/lib/gcc/arm-none-eabi/9.2.1/../../../arm-none-eabi/lib/thumb/v6-m/nofp/libc.a(lib_a-malloc.o)
 .debug_abbrev  0x0000000000000893      0x321 /usr/lib/gcc/arm-none-eabi/9.2.1/../../../arm-none-eabi/lib/thumb/v6-m/nofp/libc.a(lib_a-mallocr.o)
 .debug_abbrev  0x0000000000000bb4      0x203 /usr/lib/gcc/arm-none-eabi/9.2.1/../../../arm-none-eabi/lib/thumb/v6-m/nofp/libc.a(lib_a-mlock.o)
 .debug_abbrev  0x0000000000000db7      0x250 /usr/lib/gcc/arm-none-eabi/9.2.1/../../../arm-none-eabi/lib/thumb/v6-m/nofp/libc.a(lib_a-sbrkr.o)
 .debug_abbrev  0x0000000000001007      0x1e8 /usr/lib/gcc/arm-none-eabi/9.2.1/../../../arm-none-eabi/lib/thumb/v6-m/nofp/libc.a(lib_a-strlen-stub.o)
 .debug_abbrev  0x00000000000011ef      0x2b9 /usr/lib/gcc/arm-none-eabi/9.2.1/../../../arm-none-eabi/lib/thumb/v6-m/nofp/libc.a(lib_a-freer.o)
 .debug_abbrev  0x00000000000014a8      0x2ac /usr/lib/gcc/arm-none-eabi/9.2.1/../../../arm-none-eabi/lib/thumb/v6-m/nofp/libc.a(lib_a-reent.o)

.debug_aranges  0x0000000000000000      0x158
 .debug_aranges
                0x0000000000000000       0x20 /usr/lib/gcc/arm-none-eabi/9.2.1/thumb/v6-m/nofp/libgcc.a(_dvmd_tls.o)
 .debug_aranges
                0x0000000000000020       0x20 /usr/lib/gcc/arm-none-eabi/9.2.1/../../../arm-none-eabi/lib/thumb/v6-m/nofp/libc.a(lib_a-calloc.o)
 .debug_aranges
                0x0000000000000040       0x20 /usr/lib/gcc/arm-none-eabi/9.2.1/../../../arm-none-eabi/lib/thumb/v6-m/nofp/libc.a(lib_a-callocr.o)
 .debug_aranges
                0x0000000000000060       0x18 /usr/lib/gcc/arm-none-eabi/9.2.1/../../../arm-none-eabi/lib/thumb/v6-m/nofp/libc.a(lib_a-impure.o)
 .debug_aranges
                0x0000000000000078       0x20 /usr/lib/gcc/arm-none-eabi/9.2.1/../../../arm-none-eabi/lib/thumb/v6-m/nofp/libc.a(lib_a-malloc.o)
 .debug_aranges
                0x0000000000000098       0x20 /usr/lib/gcc/arm-none-eabi/9.2.1/../../../arm-none-eabi/lib/thumb/v6-m/nofp/libc.a(lib_a-mallocr.o)
 .debug_aranges
                0x00000000000000b8       0x20 /usr/lib/gcc/arm-none-eabi/9.2.1/../../../arm-none-eabi/lib/thumb/v6-m/nofp/libc.a(lib_a-mlock.o)
 .debug_aranges
                0x00000000000000d8       0x20 /usr/lib/gcc/arm-none-eabi/9.2.1/../../../arm-none-eabi/lib/thumb/v6-m/nofp/libc.a(lib_a-sbrkr.o)
 .debug_aranges
                0x00000000000000f8       0x20 /usr/lib/gcc/arm-none-eabi/9.2.1/../../../arm-none-eabi/lib/thumb/v6-m/nofp/libc.a(lib_a-strlen-stub.o)
 .debug_aranges
                0x0000000000000118       0x20 /usr/lib/gcc/arm-none-eabi/9.2.1/../../../arm-none-eabi/lib/thumb/v6-m/nofp/libc.a(lib_a-freer.o)
 .debug_aranges
                0x0000000000000138       0x20 /usr/lib/gcc/arm-none-eabi/9.2.1/../../../arm-none-eabi/lib/thumb/v6-m/nofp/libc.a(lib_a-reent.o)

.debug_str      0x0000000000000000      0xb19
 .debug_str     0x0000000000000000       0xa3 /usr/lib/gcc/arm-none-eabi/9.2.1/thumb/v6-m/nofp/libgcc.a(_dvmd_tls.o)
 .debug_str     0x00000000000000a3      0x53a /usr/lib/gcc/arm-none-eabi/9.2.1/../../../arm-none-eabi/lib/thumb/v6-m/nofp/libc.a(lib_a-calloc.o)
                                        0x5b6 (size before relaxing)
 .debug_str     0x00000000000005dd      0x195 /usr/lib/gcc/arm-none-eabi/9.2.1/../../../arm-none-eabi/lib/thumb/v6-m/nofp/libc.a(lib_a-callocr.o)
                                        0x725 (size before relaxing)
 .debug_str     0x0000000000000772       0x97 /usr/lib/gcc/arm-none-eabi/9.2.1/../../../arm-none-eabi/lib/thumb/v6-m/nofp/libc.a(lib_a-impure.o)
                                        0x599 (size before relaxing)
 .debug_str     0x0000000000000809       0x4d /usr/lib/gcc/arm-none-eabi/9.2.1/../../../arm-none-eabi/lib/thumb/v6-m/nofp/libc.a(lib_a-malloc.o)
                                        0x5ca (size before relaxing)
 .debug_str     0x0000000000000856       0xe5 /usr/lib/gcc/arm-none-eabi/9.2.1/../../../arm-none-eabi/lib/thumb/v6-m/nofp/libc.a(lib_a-mallocr.o)
                                        0x801 (size before relaxing)
 .debug_str     0x000000000000093b       0x4c /usr/lib/gcc/arm-none-eabi/9.2.1/../../../arm-none-eabi/lib/thumb/v6-m/nofp/libc.a(lib_a-mlock.o)
                                        0x5c5 (size before relaxing)
 .debug_str     0x0000000000000987       0x47 /usr/lib/gcc/arm-none-eabi/9.2.1/../../../arm-none-eabi/lib/thumb/v6-m/nofp/libc.a(lib_a-sbrkr.o)
                                        0x5dc (size before relaxing)
 .debug_str     0x00000000000009ce       0xb9 /usr/lib/gcc/arm-none-eabi/9.2.1/../../../arm-none-eabi/lib/thumb/v6-m/nofp/libc.a(lib_a-strlen-stub.o)
                                        0x5c2 (size before relaxing)
 .debug_str     0x0000000000000a87       0x34 /usr/lib/gcc/arm-none-eabi/9.2.1/../../../arm-none-eabi/lib/thumb/v6-m/nofp/libc.a(lib_a-freer.o)
                                        0x77a (size before relaxing)
 .debug_str     0x0000000000000abb       0x5e /usr/lib/gcc/arm-none-eabi/9.2.1/../../../arm-none-eabi/lib/thumb/v6-m/nofp/libc.a(lib_a-reent.o)
                                        0x5d5 (size before relaxing)

.debug_loc      0x0000000000000000     0x1950
 .debug_loc     0x0000000000000000       0x64 /usr/lib/gcc/arm-none-eabi/9.2.1/../../../arm-none-eabi/lib/thumb/v6-m/nofp/libc.a(lib_a-calloc.o)
 .debug_loc     0x0000000000000064      0x299 /usr/lib/gcc/arm-none-eabi/9.2.1/../../../arm-none-eabi/lib/thumb/v6-m/nofp/libc.a(lib_a-callocr.o)
 .debug_loc     0x00000000000002fd       0x64 /usr/lib/gcc/arm-none-eabi/9.2.1/../../../arm-none-eabi/lib/thumb/v6-m/nofp/libc.a(lib_a-malloc.o)
 .debug_loc     0x0000000000000361      0xf19 /usr/lib/gcc/arm-none-eabi/9.2.1/../../../arm-none-eabi/lib/thumb/v6-m/nofp/libc.a(lib_a-mallocr.o)
 .debug_loc     0x000000000000127a       0x79 /usr/lib/gcc/arm-none-eabi/9.2.1/../../../arm-none-eabi/lib/thumb/v6-m/nofp/libc.a(lib_a-sbrkr.o)
 .debug_loc     0x00000000000012f3       0xa3 /usr/lib/gcc/arm-none-eabi/9.2.1/../../../arm-none-eabi/lib/thumb/v6-m/nofp/libc.a(lib_a-strlen-stub.o)
 .debug_loc     0x0000000000001396      0x4a9 /usr/lib/gcc/arm-none-eabi/9.2.1/../../../arm-none-eabi/lib/thumb/v6-m/nofp/libc.a(lib_a-freer.o)
 .debug_loc     0x000000000000183f      0x111 /usr/lib/gcc/arm-none-eabi/9.2.1/../../../arm-none-eabi/lib/thumb/v6-m/nofp/libc.a(lib_a-reent.o)

.debug_frame    0x0000000000000000      0x1f0
 .debug_frame   0x0000000000000000       0x28 /usr/lib/gcc/arm-none-eabi/9.2.1/../../../arm-none-eabi/lib/thumb/v6-m/nofp/libc.a(lib_a-calloc.o)
 .debug_frame   0x0000000000000028       0x28 /usr/lib/gcc/arm-none-eabi/9.2.1/../../../arm-none-eabi/lib/thumb/v6-m/nofp/libc.a(lib_a-callocr.o)
 .debug_frame   0x0000000000000050       0x40 /usr/lib/gcc/arm-none-eabi/9.2.1/../../../arm-none-eabi/lib/thumb/v6-m/nofp/libc.a(lib_a-malloc.o)
 .debug_frame   0x0000000000000090       0x3c /usr/lib/gcc/arm-none-eabi/9.2.1/../../../arm-none-eabi/lib/thumb/v6-m/nofp/libc.a(lib_a-mallocr.o)
 .debug_frame   0x00000000000000cc       0x30 /usr/lib/gcc/arm-none-eabi/9.2.1/../../../arm-none-eabi/lib/thumb/v6-m/nofp/libc.a(lib_a-mlock.o)
 .debug_frame   0x00000000000000fc       0x2c /usr/lib/gcc/arm-none-eabi/9.2.1/../../../arm-none-eabi/lib/thumb/v6-m/nofp/libc.a(lib_a-sbrkr.o)
 .debug_frame   0x0000000000000128       0x28 /usr/lib/gcc/arm-none-eabi/9.2.1/../../../arm-none-eabi/lib/thumb/v6-m/nofp/libc.a(lib_a-strlen-stub.o)
 .debug_frame   0x0000000000000150       0x58 /usr/lib/gcc/arm-none-eabi/9.2.1/../../../arm-none-eabi/lib/thumb/v6-m/nofp/libc.a(lib_a-freer.o)
 .debug_frame   0x00000000000001a8       0x48 /usr/lib/gcc/arm-none-eabi/9.2.1/../../../arm-none-eabi/lib/thumb/v6-m/nofp/libc.a(lib_a-reent.o)

.debug_ranges   0x0000000000000000       0x78
 .debug_ranges  0x0000000000000000       0x40 /usr/lib/gcc/arm-none-eabi/9.2.1/../../../arm-none-eabi/lib/thumb/v6-m/nofp/libc.a(lib_a-callocr.o)
 .debug_ranges  0x0000000000000040       0x38 /usr/lib/gcc/arm-none-eabi/9.2.1/../../../arm-none-eabi/lib/thumb/v6-m/nofp/libc.a(lib_a-mallocr.o)
